Test run starting at Mon, Apr 29, 2019  7:22:46 PM
Test 1: qqf
Test run starting at Mon, Apr 29, 2019  7:23:17 PM
Test 1: q[A[Bf
Test run starting at Mon, Apr 29, 2019  7:24:40 PM
Test 1: p
Test run starting at Mon, Apr 29, 2019  7:25:46 PM
Test 2: p
Test run starting at Mon, Apr 29, 2019  7:26:12 PM
Test 2: p
Test run starting at Mon, Apr 29, 2019  7:27:26 PM
Test 3: p
Test run starting at Mon, Apr 29, 2019  7:28:52 PM
Test 4: p
Test run starting at Mon, Apr 29, 2019  7:32:57 PM
Test 5: f
Test run starting at Mon, Apr 29, 2019  7:33:55 PM
Test 5: pf
Test run starting at Mon, Apr 29, 2019  7:36:03 PM
Test 5: f
Test run starting at Mon, Apr 29, 2019  7:36:32 PM
Test 5: f
Test run starting at Mon, Apr 29, 2019  7:37:41 PM
Test 5: f
Test run starting at Mon, Apr 29, 2019  7:39:03 PM
Test 5: f
Test run starting at Mon, Apr 29, 2019  7:39:35 PM
Test 5: jf
Test run starting at Mon, Apr 29, 2019  7:39:50 PM
Test 1: p
Test run starting at Mon, Apr 29, 2019  7:42:26 PM
Test 5: p
Test run starting at Mon, Apr 29, 2019  7:42:44 PM
Test 5: [A[Bp
Test run starting at Mon, Apr 29, 2019  7:43:33 PM
Test 5: p
Test run starting at Mon, Apr 29, 2019  7:43:48 PM
Test 5: p
Test run starting at Mon, Apr 29, 2019  7:47:24 PM
Test 6: f
Test run starting at Mon, Apr 29, 2019  7:47:46 PM
Test 6: f
Test run starting at Mon, Apr 29, 2019  7:48:11 PM
Test 6: p
Test run starting at Mon, Apr 29, 2019  7:50:50 PM
Test 6: qp
Test run starting at Mon, Apr 29, 2019  7:52:52 PM
Test 6: [M UJ[M#UJp
Test run starting at Mon, Apr 29, 2019  7:53:31 PM
Test 6: p
Test run starting at Mon, Apr 29, 2019  7:54:26 PM
Test 6: p
Test run starting at Mon, Apr 29, 2019  7:58:08 PM
Test 6: pqf
Test run starting at Mon, Apr 29, 2019  7:58:39 PM
Test 6: pf
Test run starting at Mon, Apr 29, 2019  7:59:08 PM
Test 6: p
Test run starting at Mon, Apr 29, 2019  7:59:33 PM
Test 6: p
Test run starting at Mon, Apr 29, 2019  7:59:50 PM
Test 6: p
Test run starting at Mon, Apr 29, 2019  8:02:04 PM
Test 7: p
Test run starting at Mon, Apr 29, 2019  8:11:07 PM
Test 8: p
Test run starting at Mon, Apr 29, 2019  8:35:53 PM
Test 5: f
Test run starting at Mon, Apr 29, 2019  8:38:28 PM
Test 6: f
Test run starting at Mon, Apr 29, 2019  8:58:22 PM
Test run starting at Mon, Apr 29, 2019  8:58:43 PM
Test 10: f
Test run starting at Mon, Apr 29, 2019  8:59:47 PM
Test 10: f
Test run starting at Mon, Apr 29, 2019  9:00:12 PM
Test 10: p
Test run starting at Mon, Apr 29, 2019  9:02:21 PM
Test 10: p
Test run starting at Mon, Apr 29, 2019  9:05:10 PM
Test 9: [A[Bs
Test run starting at Mon, Apr 29, 2019  9:07:37 PM
Test 10: p
Test run starting at Mon, Apr 29, 2019  9:10:31 PM
Test run starting at Mon, Apr 29, 2019  9:10:50 PM
Test run starting at Mon, Apr 29, 2019  9:11:08 PM
Test 10: qp
Test run starting at Mon, Apr 29, 2019  9:13:15 PM
Test run starting at Mon, Apr 29, 2019  9:13:23 PM
Test run starting at Mon, Apr 29, 2019  9:15:15 PM
Test 1: p
Test 2: p
Test 3: p
Test 4: p
Test 5: p
Test 6: f
Test 7: f
Test 8: p
Test 9: p
Test 10: p
Test 11: r
Test 12: p
Test 13: p
Test 14: p
Test 15: p
Test 16: f
Test run starting at Mon, Apr 29, 2019  9:18:27 PM
Test 1: pijklijklp
Test 2: p
Test 3: p
Test 4: p
Test 5: p
Test 6: f
Test 7: f
Test 8: p
Test 10: p
Test 11: p
Test 12: f
Test 13: p
Test 14: p
Test 15: p
Test 16: f
Test run starting at Mon, Apr 29, 2019  9:23:01 PM
Test run starting at Mon, Apr 29, 2019  9:23:28 PM
Test run starting at Mon, Apr 29, 2019  9:24:01 PM
Test 1: r
Test run starting at Mon, Apr 29, 2019  9:25:25 PM
Test 17: f
Test run starting at Mon, Apr 29, 2019  9:28:45 PM
Test run starting at Mon, Apr 29, 2019  9:29:13 PM
Test 1: p
Test 2: p
Test 3: f
Test 4: f
Test 5: p
Test 6: f
Test 7: f
Test 8: p
Test 9: r
Test 10: p
Test 11: p
Test 12: p
Test 13: p
Test 14: p
Test 15: p
Test 16: p
Test 17: g
